// Jest Snapshot v1, https://goo.gl/fbAQLP

exports[`EdgeTextField should render with loading props 1`] = `
<TextField
  animationDuration={225}
  autoCapitalize="sentences"
  baseColor="#FFFFFF"
  containerStyle={
    Object {
      "marginBottom": 247,
      "marginLeft": 247,
      "marginRight": 247,
      "marginTop": 247,
    }
  }
  disableFullscreenUI={true}
  disabled={false}
  disabledLineType="dotted"
  editable={true}
  errorColor="#E85466"
  fontSize={16}
  inputContainerPadding={8}
  labelFontSize={12}
  labelHeight={32}
  labelPadding={4}
  textColor="#FFFFFF"
  tintColor="#FFFFFF"
  titleFontSize={12}
  underlineColorAndroid="transparent"
/>
`;
